Microchip MPLAB XC8 Compiler V2.46

Linker command line:

-W-3 \
  --edf=C:\Program Files\Microchip\xc8\v2.46\pic\dat\20240104201356_en.msgs \
  -cn -h+dist/default/production\car_black_box.X.production.sym \
  --cmf=dist/default/production\car_black_box.X.production.cmf -z -Q16F877A \
  -oC:\Users\DELL\AppData\Local\Temp\xcAsa5s.\driver_tmp_3.o \
  --defsym=__MPLAB_BUILD=1 --fixupoverflow=error \
  -Mdist/default/production/car_black_box.X.production.map \
  --md=C:\Users\DELL\AppData\Local\Temp\xcAsa5s.\driver_tmp_0.dat -E1 \
  -ver=XC8 Compiler --acfsm=1493 -ACODE=00h-07FFhx4 -ASTRCODE=00h-01FFFh \
  -ASTRING=00h-0FFhx32 -ACONST=00h-0FFhx32 -AENTRY=00h-0FFhx32 \
  -ACOMMON=070h-07Fh -ABANK0=020h-06Fh -ABANK1=0A0h-0EFh \
  -ABANK2=0110h-016Fh -ABANK3=0190h-01EFh \
  -ARAM=020h-06Fh,0A0h-0EFh,0110h-016Fh,0190h-01EFh \
  -AABS1=020h-07Fh,0A0h-0EFh,0110h-016Fh,0190h-01EFh -ASFR0=00h-01Fh \
  -ASFR1=080h-09Fh -ASFR2=0100h-010Fh -ASFR3=0180h-018Fh \
  -ACONFIG=02007h-02007h -DCONFIG=2 -AIDLOC=02000h-02003h -DIDLOC=2 \
  -AEEDATA=00h-0FFh/02100h -peeprom_data=EEDATA -DEEDATA=2 -DCODE=2 \
  -DSTRCODE=2 -DSTRING=2 -DCONST=2 -DENTRY=2 \
  -preset_vec=00h,intentry=04h,sivt,init,end_init -ppowerup=CODE \
  -pcinit=CODE -pfunctab=ENTRY -k \
  C:\Users\DELL\AppData\Local\Temp\xcAsa5s.\driver_tmp_12.o \
  dist/default/production\car_black_box.X.production.o 

Object code version is 3.11

Machine type is 16F877A



                Name                               Link     Load   Length Selector   Space Scale
C:\Users\DELL\AppData\Local\Temp\xcAsa5s.\driver_tmp_12.o
                end_init                              E        E        3        8       0
                reset_vec                             0        0        3        0       0
                config                             2007     2007        1        0       4
                idloc                              2000     2000        4        0       5
dist/default/production\car_black_box.X.production.o
                cinit                                11       11       31        8       0
                intentry                              4        4        A        8       0
                config                             2007     2007        1        0       4
                idloc                              2000     2000        4        0       5
                text52                             14AD     14AD       4F     295A       0
                text51                             1300     1300       36     2600       0
                text50                             1299     1299       33     2532       0
                text49                             1092     1092       15     2124       0
                text48                             1040     1040        D     2080       0
                text47                             1FEE     1FEE        9     3FDC       0
                text46                             1FF7     1FF7        9     3FEE       0
                text45                             101F     101F        B     203E       0
                text44                             10F2     10F2       1E     21E4       0
                text43                             10D5     10D5       1D     21AA       0
                text42                             14FC     14FC       50     29F8       0
                text41                             1465     1465       48     28CA       0
                text40                              B9B      B9B      155     1736       0
                text39                              892      892       59     1124       0
                text38                             141F     141F       46     283E       0
                text37                             136E     136E       3A     26DC       0
                text36                             1172     1172       25     22E4       0
                text35                             112E     112E       21     225C       0
                text34                             1016     1016        9     202C       0
                text33                             11E7     11E7       2B     23CE       0
                text32                             165D     165D       63     2CBA       0
                text31                             1110     1110       1E     2220       0
                text30                              409      409      2F1        8       0
                text29                             126A     126A       2F     24D4       0
                text28                             1728     1728       69     2E50       0
                text27                             15FB     15FB       62     2BF6       0
                text26                             154C     154C       57     2A98       0
                text25                             10A7     10A7       15     214E       0
                text24                             1212     1212       2B     2424       0
                text23                             102A     102A        B     2054       0
                text22                             1197     1197       26     232E       0
                text21                              A63      A63      138     14C6       0
                text20                             1FD7     1FD7        7     3FAE       0
                text19                             1791     1791       6F     2F22       0
                text18                             1035     1035        B     206A       0
                text17                              6FA      6FA        6        8       0
                text16                             106C     106C       13     20D8       0
                text15                             16C0     16C0       68     2D80       0
                text14                             12CC     12CC       34     2598       0
                text13                             104D     104D        D     209A       0
                text12                             1336     1336       38     266C       0
                text11                             13A8     13A8       3A     2750       0
                text10                             13E2     13E2       3D     27C4       0
                text9                              15A3     15A3       58     2B46       0
                text8                              11BD     11BD       2A     237A       0
                text7                              123D     123D       2D     247A       0
                text6                               CF0      CF0      180     19E0       0
                text5                               972      972       F1     12E4       0
                text4                              105A     105A       12     20B4       0
                text3                               8EB      8EB       87     11D6       0
                text2                              114F     114F       23     229E       0
                text1                               E70      E70      190     1CE0       0
                maintext                             42       42      3C7        8       0
                cstackBANK0                          20       20       22       20       1
                cstackCOMMON                         70       70        9       70       1
                cstackBANK1                          DD       DD        D       A0       1
                clrtext                            1FDE     1FDE        8     3FBC       0
                inittext                           107F     107F       13     20FE       0
                dataBANK1                            C4       C4       19       A0       1
                bssBANK1                             A0       A0       24       A0       1
                dataBANK0                            60       60        8       20       1
                bssBANK0                             42       42       1E       20       1
                bssCOMMON                            79       79        2       70       1
                stringtext                          700      700      191        E       0
                strings                            1000     1000       12     2000       0
                idataBANK1                         10BC     10BC       19     2178       0
                idataBANK0                         1FE6     1FE6        8     3FCC       0

TOTAL           Name                               Link     Load   Length     Space
        CLASS   CODE           
                end_init                              E        E        3         0
                cinit                                11       11       31         0
                intentry                              4        4        A         0
                reset_vec                             0        0        3         0
                text52                             14AD     14AD       4F         0
                text51                             1300     1300       36         0
                text50                             1299     1299       33         0
                text49                             1092     1092       15         0
                text48                             1040     1040        D         0
                text47                             1FEE     1FEE        9         0
                text46                             1FF7     1FF7        9         0
                text45                             101F     101F        B         0
                text44                             10F2     10F2       1E         0
                text43                             10D5     10D5       1D         0
                text42                             14FC     14FC       50         0
                text41                             1465     1465       48         0
                text40                              B9B      B9B      155         0
                text39                              892      892       59         0
                text38                             141F     141F       46         0
                text37                             136E     136E       3A         0
                text36                             1172     1172       25         0
                text35                             112E     112E       21         0
                text34                             1016     1016        9         0
                text33                             11E7     11E7       2B         0
                text32                             165D     165D       63         0
                text31                             1110     1110       1E         0
                text30                              409      409      2F1         0
                text29                             126A     126A       2F         0
                text28                             1728     1728       69         0
                text27                             15FB     15FB       62         0
                text26                             154C     154C       57         0
                text25                             10A7     10A7       15         0
                text24                             1212     1212       2B         0
                text23                             102A     102A        B         0
                text22                             1197     1197       26         0
                text21                              A63      A63      138         0
                text20                             1FD7     1FD7        7         0
                text19                             1791     1791       6F         0
                text18                             1035     1035        B         0
                text17                              6FA      6FA        6         0
                text16                             106C     106C       13         0
                text15                             16C0     16C0       68         0
                text14                             12CC     12CC       34         0
                text13                             104D     104D        D         0
                text12                             1336     1336       38         0
                text11                             13A8     13A8       3A         0
                text10                             13E2     13E2       3D         0
                text9                              15A3     15A3       58         0
                text8                              11BD     11BD       2A         0
                text7                              123D     123D       2D         0
                text6                               CF0      CF0      180         0
                text5                               972      972       F1         0
                text4                              105A     105A       12         0
                text3                               8EB      8EB       87         0
                text2                              114F     114F       23         0
                text1                               E70      E70      190         0
                maintext                             42       42      3C7         0
                clrtext                            1FDE     1FDE        8         0
                inittext                           107F     107F       13         0
                idataBANK1                         10BC     10BC       19         0
                idataBANK0                         1FE6     1FE6        8         0

        CLASS   STRCODE        
                stringtext                          700      700      191         0

        CLASS   STRING         
                strings                            1000     1000       12         0

        CLASS   CONST          

        CLASS   ENTRY          

        CLASS   COMMON         
                cstackCOMMON                         70       70        9         1
                bssCOMMON                            79       79        2         1

        CLASS   BANK0          
                cstackBANK0                          20       20       22         1
                dataBANK0                            60       60        8         1
                bssBANK0                             42       42       1E         1

        CLASS   BANK1          
                cstackBANK1                          DD       DD        D         1
                dataBANK1                            C4       C4       19         1
                bssBANK1                             A0       A0       24         1

        CLASS   BANK2          

        CLASS   BANK3          

        CLASS   RAM            

        CLASS   ABS1           
                abs_s1                               7E       7E        2         1

        CLASS   SFR0           

        CLASS   SFR1           

        CLASS   SFR2           

        CLASS   SFR3           

        CLASS   CONFIG         
                config                             2007     2007        1         4

        CLASS   IDLOC          
                idloc                              2000     2000        4         5

        CLASS   EEDATA         

        CLASS   HEAP           

        CLASS   STACK          



SEGMENTS        Name                           Load    Length   Top    Selector   Space  Class     Delta

                reset_vec                      000000  000003  000003         0       0  CODE        2
                intentry                       000004  0006FC  000700         8       0  CODE        2
                cstackBANK0                    000020  000048  000068        20       1  BANK0       1
                cstackCOMMON                   000070  00000B  00007B        70       1  COMMON      1
                bssBANK1                       0000A0  00004A  0000EA        A0       1  BANK1       1
                stringtext                     000700  000191  000891         E       0  STRCODE     2
                text39                         000892  000059  0008EB      1124       0  CODE        2
                text3                          0008EB  000087  000972      11D6       0  CODE        2
                text5                          000972  0000F1  000A63      12E4       0  CODE        2
                text21                         000A63  000138  000B9B      14C6       0  CODE        2
                text40                         000B9B  000155  000CF0      1736       0  CODE        2
                text6                          000CF0  000180  000E70      19E0       0  CODE        2
                text1                          000E70  000190  001000      1CE0       0  CODE        2
                strings                        001000  000012  001012      2000       0  STRING      2
                text34                         001016  000009  00101F      202C       0  CODE        2
                text45                         00101F  00000B  00102A      203E       0  CODE        2
                text23                         00102A  00000B  001035      2054       0  CODE        2
                text18                         001035  00000B  001040      206A       0  CODE        2
                text48                         001040  00000D  00104D      2080       0  CODE        2
                text13                         00104D  00000D  00105A      209A       0  CODE        2
                text4                          00105A  000012  00106C      20B4       0  CODE        2
                text16                         00106C  000013  00107F      20D8       0  CODE        2
                inittext                       00107F  000013  001092      20FE       0  CODE        2
                text49                         001092  000015  0010A7      2124       0  CODE        2
                text25                         0010A7  000015  0010BC      214E       0  CODE        2
                idataBANK1                     0010BC  000019  0010D5      2178       0  CODE        2
                text43                         0010D5  00001D  0010F2      21AA       0  CODE        2
                text44                         0010F2  00001E  001110      21E4       0  CODE        2
                text31                         001110  00001E  00112E      2220       0  CODE        2
                text35                         00112E  000021  00114F      225C       0  CODE        2
                text2                          00114F  000023  001172      229E       0  CODE        2
                text36                         001172  000025  001197      22E4       0  CODE        2
                text22                         001197  000026  0011BD      232E       0  CODE        2
                text8                          0011BD  00002A  0011E7      237A       0  CODE        2
                text33                         0011E7  00002B  001212      23CE       0  CODE        2
                text24                         001212  00002B  00123D      2424       0  CODE        2
                text7                          00123D  00002D  00126A      247A       0  CODE        2
                text29                         00126A  00002F  001299      24D4       0  CODE        2
                text50                         001299  000033  0012CC      2532       0  CODE        2
                text14                         0012CC  000034  001300      2598       0  CODE        2
                text51                         001300  000036  001336      2600       0  CODE        2
                text12                         001336  000038  00136E      266C       0  CODE        2
                text37                         00136E  00003A  0013A8      26DC       0  CODE        2
                text11                         0013A8  00003A  0013E2      2750       0  CODE        2
                text10                         0013E2  00003D  00141F      27C4       0  CODE        2
                text38                         00141F  000046  001465      283E       0  CODE        2
                text41                         001465  000048  0014AD      28CA       0  CODE        2
                text52                         0014AD  00004F  0014FC      295A       0  CODE        2
                text42                         0014FC  000050  00154C      29F8       0  CODE        2
                text26                         00154C  000057  0015A3      2A98       0  CODE        2
                text9                          0015A3  000058  0015FB      2B46       0  CODE        2
                text27                         0015FB  000062  00165D      2BF6       0  CODE        2
                text32                         00165D  000063  0016C0      2CBA       0  CODE        2
                text15                         0016C0  000068  001728      2D80       0  CODE        2
                text28                         001728  000069  001791      2E50       0  CODE        2
                text19                         001791  00006F  001800      2F22       0  CODE        2
                text20                         001FD7  000007  001FDE      3FAE       0  CODE        2
                clrtext                        001FDE  000008  001FE6      3FBC       0  CODE        2
                idataBANK0                     001FE6  000008  001FEE      3FCC       0  CODE        2
                text47                         001FEE  000009  001FF7      3FDC       0  CODE        2
                text46                         001FF7  000009  002000      3FEE       0  CODE        2


UNUSED ADDRESS RANGES

        Name                Unused          Largest block    Delta
        BANK0            0068-006F              8           1
        BANK1            00EA-00EF              6           1
        BANK2            0110-016F             60           1
        BANK3            0190-01EF             60           1
        CODE             0003-0003              1           2
                         0891-0891              1
                         1012-1015              4
                         1800-1FD6            7D7
        COMMON           007B-007D              3           1
        CONST            0003-0003              1           2
                         0891-0891              1
                         1012-1015              4
                         1800-1FD6            100
        EEDATA           2100-21FF            100           2
        ENTRY            0003-0003              1           2
                         0891-0891              1
                         1012-1015              4
                         1800-1FD6            100
        RAM              0068-006F              8           1
                         00EA-00EF              6
                         0110-016F             60
                         0190-01EF             60
        SFR0             0000-001F             20           1
        SFR1             0080-009F             20           1
        SFR2             0100-010F             10           1
        SFR3             0180-018F             10           1
        STRCODE          0003-0003              1           2
                         0891-0891              1
                         1012-1015              4
                         1800-1FD6            7D7
        STRING           0003-0003              1           2
                         0891-0891              1
                         1012-1015              4
                         1800-1FD6            100

                                  Symbol Table

?___awdiv                            cstackCOMMON 0073
?___awmod                            cstackCOMMON 0073
?___lldiv                            cstackBANK0  0020
?___lwdiv                            cstackBANK0  0020
?___lwmod                            cstackCOMMON 0073
?___wmul                             cstackCOMMON 0073
?_read_adc                           cstackCOMMON 0073
?_strcmp                             cstackCOMMON 0073
?_strncmp                            cstackCOMMON 0073
_ACKDT                               (abs)        048D
_ACKEN                               (abs)        048C
_ACKSTAT                             (abs)        048E
_ADFM                                (abs)        04FF
_ADON                                (abs)        00F8
_ADRESH                              (abs)        001E
_ADRESL                              (abs)        009E
_BRGH                                (abs)        04C2
_CREN                                (abs)        00C4
_GIE                                 (abs)        005F
_GO                                  (abs)        00FA
_PEIE                                (abs)        005E
_PEN                                 (abs)        048A
_PORTB                               (abs)        0006
_PORTD                               (abs)        0008
_PR2                                 (abs)        0092
_RCEN                                (abs)        048B
_RE1                                 (abs)        0049
_RE2                                 (abs)        004A
_RSEN                                (abs)        0489
_R_nW                                (abs)        04A2
_SEN                                 (abs)        0488
_SPBRG                               (abs)        0099
_SPEN                                (abs)        00C7
_SSPADD                              (abs)        0093
_SSPBUF                              (abs)        0013
_SSPCON2                             (abs)        0091
_SSPEN                               (abs)        00A5
_SSPM3                               (abs)        00A3
_T2CKPS0                             (abs)        0090
_T2CKPS1                             (abs)        0091
_TMR2IE                              (abs)        0461
_TMR2IF                              (abs)        0061
_TMR2ON                              (abs)        0092
_TRISB                               (abs)        0086
_TRISD                               (abs)        0088
_TRISE1                              (abs)        0449
_TRISE2                              (abs)        044A
_TXEN                                (abs)        04C5
_TXIF                                (abs)        0064
_TXREG                               (abs)        0019
__H__absolute__                      __absolute__ 0000
__Habs1                              abs1         0000
__Hbank0                             bank0        0000
__Hbank1                             bank1        0000
__Hbank2                             bank2        0000
__Hbank3                             bank3        0000
__HbssBANK0                          bssBANK0     0000
__HbssBANK1                          bssBANK1     0000
__HbssCOMMON                         bssCOMMON    0000
__Hcinit                             cinit        0042
__Hclrtext                           clrtext      0000
__Hcode                              code         0000
__Hcommon                            common       0000
__Hconfig                            config       2008
__HcstackBANK0                       cstackBANK0  0000
__HcstackBANK1                       cstackBANK1  0000
__HcstackCOMMON                      cstackCOMMON 0000
__HdataBANK0                         dataBANK0    0000
__HdataBANK1                         dataBANK1    0000
__Heeprom_data                       eeprom_data  0000
__Hend_init                          end_init     0011
__Hfunctab                           functab      0000
__Hheap                              heap         0000
__HidataBANK0                        idataBANK0   0000
__HidataBANK1                        idataBANK1   0000
__Hidloc                             idloc        2004
__Hinit                              init         000E
__Hinittext                          inittext     0000
__Hintentry                          intentry     000E
__Hmaintext                          maintext     0000
__Hpowerup                           powerup      0000
__Hram                               ram          0000
__Hreset_vec                         reset_vec    0003
__Hsfr0                              sfr0         0000
__Hsfr1                              sfr1         0000
__Hsfr2                              sfr2         0000
__Hsfr3                              sfr3         0000
__Hsivt                              sivt         000E
__Hspace_0                           (abs)        2000
__Hspace_1                           (abs)        00EA
__Hspace_2                           (abs)        0000
__Hspace_3                           (abs)        0000
__Hspace_4                           (abs)        400F
__Hstack                             stack        0000
__Hstrings                           strings      0000
__Hstringtext                        stringtext   0000
__Htext                              text         0000
__L__absolute__                      __absolute__ 0000
__Labs1                              abs1         0000
__Lbank0                             bank0        0000
__Lbank1                             bank1        0000
__Lbank2                             bank2        0000
__Lbank3                             bank3        0000
__LbssBANK0                          bssBANK0     0000
__LbssBANK1                          bssBANK1     0000
__LbssCOMMON                         bssCOMMON    0000
__Lcinit                             cinit        0011
__Lclrtext                           clrtext      0000
__Lcode                              code         0000
__Lcommon                            common       0000
__Lconfig                            config       0000
__LcstackBANK0                       cstackBANK0  0000
__LcstackBANK1                       cstackBANK1  0000
__LcstackCOMMON                      cstackCOMMON 0000
__LdataBANK0                         dataBANK0    0000
__LdataBANK1                         dataBANK1    0000
__Leeprom_data                       eeprom_data  0000
__Lend_init                          end_init     000E
__Lfunctab                           functab      0000
__Lheap                              heap         0000
__LidataBANK0                        idataBANK0   0000
__LidataBANK1                        idataBANK1   0000
__Lidloc                             idloc        0000
__Linit                              init         000E
__Linittext                          inittext     0000
__Lintentry                          intentry     0004
__Lmaintext                          maintext     0000
__Lpowerup                           powerup      0000
__Lram                               ram          0000
__Lreset_vec                         reset_vec    0000
__Lsfr0                              sfr0         0000
__Lsfr1                              sfr1         0000
__Lsfr2                              sfr2         0000
__Lsfr3                              sfr3         0000
__Lsivt                              sivt         000E
__Lspace_0                           (abs)        0000
__Lspace_1                           (abs)        0000
__Lspace_2                           (abs)        0000
__Lspace_3                           (abs)        0000
__Lspace_4                           (abs)        0000
__Lstack                             stack        0000
__Lstrings                           strings      0000
__Lstringtext                        stringtext   0000
__Ltext                              text         0000
__S0                                 (abs)        2000
__S1                                 (abs)        00EA
__S3                                 (abs)        0000
___awdiv                             text28       1728
___awdiv@counter                     cstackBANK0  0020
___awdiv@dividend                    cstackCOMMON 0075
___awdiv@divisor                     cstackCOMMON 0073
___awdiv@quotient                    cstackBANK0  0022
___awdiv@sign                        cstackBANK0  0021
___awmod                             text39       0892
___awmod@counter                     cstackCOMMON 0077
___awmod@dividend                    cstackCOMMON 0075
___awmod@divisor                     cstackCOMMON 0073
___awmod@sign                        cstackCOMMON 0078
___bmul                              text25       10A7
___bmul@multiplicand                 cstackCOMMON 0073
___bmul@multiplier                   cstackCOMMON 0075
___bmul@product                      cstackCOMMON 0074
___heap_hi                           (abs)        0000
___heap_lo                           (abs)        0000
___int_sp                            stack        0000
___int_stack_hi                      stack        0000
___int_stack_lo                      stack        0000
___latbits                           (abs)        0002
___lldiv                             text15       16C0
___lldiv@counter                     cstackCOMMON 0078
___lldiv@dividend                    cstackBANK0  0024
___lldiv@divisor                     cstackBANK0  0020
___lldiv@quotient                    cstackCOMMON 0074
___lwdiv                             text38       141F
___lwdiv@counter                     cstackBANK0  0024
___lwdiv@dividend                    cstackBANK0  0022
___lwdiv@divisor                     cstackBANK0  0020
___lwdiv@quotient                    cstackBANK0  0025
___lwmod                             text37       136E
___lwmod@counter                     cstackCOMMON 0077
___lwmod@dividend                    cstackCOMMON 0075
___lwmod@divisor                     cstackCOMMON 0073
___sp                                stack        0000
___stack_hi                          stack        0000
___stack_lo                          stack        0000
___stackhi                           (abs)        0000
___stacklo                           (abs)        0000
___wmul                              text36       1172
___wmul@multiplicand                 cstackCOMMON 0075
___wmul@multiplier                   cstackCOMMON 0073
___wmul@product                      cstackCOMMON 0077
__end_of___awdiv                     text28       1791
__end_of___awmod                     text39       08EB
__end_of___bmul                      text25       10BC
__end_of___lldiv                     text15       1728
__end_of___lwdiv                     text38       1465
__end_of___lwmod                     text37       13A8
__end_of___wmul                      text36       1197
__end_of__initialization             cinit        003E
__end_of__stringtab                  strings      1012
__end_of_change_password             text40       0CF0
__end_of_change_time                 text30       06FA
__end_of_clcd_print                  text50       12CC
__end_of_clcd_putch                  text49       10A7
__end_of_clcd_write                  text51       1336
__end_of_clear_log                   text29       1299
__end_of_display_dash_board          text26       15A3
__end_of_display_time                text27       165D
__end_of_download_log                text21       0B9B
__end_of_ext_eeprom_24C02_byte_write text44       1110
__end_of_ext_eeprom_24C02_read       text24       123D
__end_of_ext_eeprom_24C02_str_write  text43       10F2
__end_of_get_password                text8        11E7
__end_of_get_time                    text32       16C0
__end_of_i2c_read                    text35       114F
__end_of_i2c_rep_start               text34       101F
__end_of_i2c_start                   text47       1FF7
__end_of_i2c_stop                    text46       2000
__end_of_i2c_wait_for_idle           text48       104D
__end_of_i2c_write                   text45       102A
__end_of_init_adc                    text20       1FDE
__end_of_init_clcd                   text18       1040
__end_of_init_config                 text11       13E2
__end_of_init_digital_keypad         text17       0700
__end_of_init_display_controller     text19       1800
__end_of_init_ds1307                 text16       107F
__end_of_init_i2c                    text14       1300
__end_of_init_timer2                 text13       105A
__end_of_init_uart                   text12       136E
__end_of_isr                         text52       14FC
__end_of_log_car_event               text9        15FB
__end_of_log_event                   text10       141F
__end_of_login                       text6        0E70
__end_of_login_menu                  text5        0A63
__end_of_main                        maintext     0409
__end_of_putchars                    text23       1035
__end_of_putsx                       text22       11BD
__end_of_read_adc                    text4        106C
__end_of_read_digital_keypad         text3        0972
__end_of_read_ds1307                 text33       1212
__end_of_strcmp                      text7        126A
__end_of_strcpy                      text2        1172
__end_of_strncmp                     text42       154C
__end_of_strncpy                     text41       14AD
__end_of_view_log                    text1        1000
__end_of_write_ds1307                text31       112E
__initialization                     cinit        0011
__pbssBANK0                          bssBANK0     0042
__pbssBANK1                          bssBANK1     00A0
__pbssCOMMON                         bssCOMMON    0079
__pcstackBANK0                       cstackBANK0  0020
__pcstackBANK1                       cstackBANK1  00DD
__pcstackCOMMON                      cstackCOMMON 0070
__pdataBANK0                         dataBANK0    0060
__pdataBANK1                         dataBANK1    00C4
__pidataBANK0                        idataBANK0   1FE6
__pidataBANK1                        idataBANK1   10BC
__pintentry                          intentry     0004
__pmaintext                          maintext     0042
__pstrings                           strings      1000
__pstringtext                        stringtext   0700
__ptext1                             text1        0E70
__ptext10                            text10       13E2
__ptext11                            text11       13A8
__ptext12                            text12       1336
__ptext13                            text13       104D
__ptext14                            text14       12CC
__ptext15                            text15       16C0
__ptext16                            text16       106C
__ptext17                            text17       06FA
__ptext18                            text18       1035
__ptext19                            text19       1791
__ptext2                             text2        114F
__ptext20                            text20       1FD7
__ptext21                            text21       0A63
__ptext22                            text22       1197
__ptext23                            text23       102A
__ptext24                            text24       1212
__ptext25                            text25       10A7
__ptext26                            text26       154C
__ptext27                            text27       15FB
__ptext28                            text28       1728
__ptext29                            text29       126A
__ptext3                             text3        08EB
__ptext30                            text30       0409
__ptext31                            text31       1110
__ptext32                            text32       165D
__ptext33                            text33       11E7
__ptext34                            text34       1016
__ptext35                            text35       112E
__ptext36                            text36       1172
__ptext37                            text37       136E
__ptext38                            text38       141F
__ptext39                            text39       0892
__ptext4                             text4        105A
__ptext40                            text40       0B9B
__ptext41                            text41       1465
__ptext42                            text42       14FC
__ptext43                            text43       10D5
__ptext44                            text44       10F2
__ptext45                            text45       101F
__ptext46                            text46       1FF7
__ptext47                            text47       1FEE
__ptext48                            text48       1040
__ptext49                            text49       1092
__ptext5                             text5        0972
__ptext50                            text50       1299
__ptext51                            text51       1300
__ptext52                            text52       14AD
__ptext6                             text6        0CF0
__ptext7                             text7        123D
__ptext8                             text8        11BD
__ptext9                             text9        15A3
__stringbase                         strings      1012
__stringtab                          strings      1000
_access                              dataBANK0    0064
_change_password                     text40       0B9B
_change_time                         text30       0409
_clcd_print                          text50       1299
_clcd_putch                          text49       1092
_clcd_write                          text51       1300
_clear_log                           text29       126A
_clock_reg                           bssBANK0     0048
_display_dash_board                  text26       154C
_display_time                        text27       15FB
_download_log                        text21       0A63
_ext_eeprom_24C02_byte_write         text44       10F2
_ext_eeprom_24C02_read               text24       1212
_ext_eeprom_24C02_str_write          text43       10D5
_gear                                dataBANK1    00C4
_get_password                        text8        11BD
_get_time                            text32       165D
_i2c_read                            text35       112E
_i2c_rep_start                       text34       1016
_i2c_start                           text47       1FEE
_i2c_stop                            text46       1FF7
_i2c_wait_for_idle                   text48       1040
_i2c_write                           text45       101F
_init_adc                            text20       1FD7
_init_clcd                           text18       1035
_init_config                         text11       13A8
_init_digital_keypad                 text17       06FA
_init_display_controller             text19       1791
_init_ds1307                         text16       106C
_init_i2c                            text14       12CC
_init_timer2                         text13       104D
_init_uart                           text12       1336
_isr                                 text52       14AD
_log                                 bssBANK1     00A4
_log_car_event                       text9        15A3
_log_event                           text10       13E2
_login                               text6        0CF0
_login_menu                          text5        0972
_main                                maintext     0042
_menu                                dataBANK1    00D0
_nDONE                               (abs)        00FA
_overflow                            bssBANK0     005F
_pos                                 dataBANK0    0066
_putchars                            text23       102A
_putsx                               text22       1197
_read_adc                            text4        105A
_read_digital_keypad                 text3        08EB
_read_ds1307                         text33       11E7
_return_time                         bssBANK0     0055
_sec                                 bssBANK0     0057
_strcmp                              text7        123D
_strcpy                              text2        114F
_strncmp                             text42       14FC
_strncpy                             text41       1465
_time                                bssBANK1     00B8
_view_log                            text1        0E70
_write_ds1307                        text31       1110
btemp                                (abs)        007E
change_password@key                  cstackBANK0  002A
change_password@n_p_pos              bssBANK0     004D
change_password@p_chg                bssBANK0     0059
change_password@r_pwd                bssBANK1     00AF
change_password@reset_pwd            cstackBANK0  0029
change_time@blink                    bssBANK0     005B
change_time@blink_pos                bssBANK0     004F
change_time@dummy                    cstackBANK0  0032
change_time@i                        cstackBANK0  002E
change_time@key                      cstackBANK0  002D
change_time@new_time                 bssBANK0     0042
change_time@reset_time               cstackBANK0  0029
change_time@t_done                   bssBANK0     005A
change_time@wait                     bssBANK0     005C
clcd_print@addr                      cstackBANK0  0022
clcd_print@str                       cstackBANK0  0020
clcd_putch@addr                      cstackBANK0  0027
clcd_putch@data                      cstackBANK0  0028
clcd_write@byte                      cstackCOMMON 0076
clcd_write@mode                      cstackCOMMON 0073
clear_log@reset_memory               cstackCOMMON 0077
clear_ram0                           clrtext      1FDE
display_dash_board@event             cstackBANK0  002C
display_dash_board@speed             cstackBANK0  0029
download_log@add                     cstackBANK0  002C
download_log@i                       cstackBANK0  0031
download_log@next                    cstackBANK0  002F
download_log@rlog                    cstackBANK0  0021
download_log@rpos                    cstackBANK0  002D
end_of_initialization                cinit        003E
ext_eeprom_24C02_byte_write@addr     cstackCOMMON 0075
ext_eeprom_24C02_byte_write@data     cstackCOMMON 0074
ext_eeprom_24C02_read@addr           cstackCOMMON 0075
ext_eeprom_24C02_read@data           cstackCOMMON 0076
ext_eeprom_24C02_str_write@addr      cstackCOMMON 0077
ext_eeprom_24C02_str_write@data      cstackCOMMON 0076
get_password@i                       cstackBANK0  0021
get_password@spassword               cstackBANK0  0020
i2c_read@ack                         cstackCOMMON 0073
i2c_read@data                        cstackCOMMON 0074
i2c_write@data                       cstackCOMMON 0073
init_ds1307@dummy                    cstackCOMMON 0077
init_fetch0                          inittext     107F
init_i2c@baud                        cstackBANK0  0028
init_ram0                            inittext     1083
init_uart@baud                       cstackBANK0  0028
interrupt_function                   intentry     0004
intlevel0                            functab      0000
intlevel1                            functab      0000
intlevel2                            functab      0000
intlevel3                            functab      0000
intlevel4                            functab      0000
intlevel5                            functab      0000
isr@count                            bssBANK0     004B
log_car_event@event                  cstackBANK0  0024
log_car_event@speed                  cstackBANK0  0026
log_event@add                        cstackCOMMON 0078
login@attempt_rem                    bssBANK0     005D
login@i                              bssBANK0     005E
login@key                            cstackBANK0  0031
login@npassword                      bssBANK1     00BF
login@reset_flag                     cstackBANK0  0029
login@spassword                      cstackBANK0  002C
login_menu@key                       cstackBANK0  002C
login_menu@menu_pos                  bssBANK0     0053
login_menu@reset_flag                cstackBANK0  0029
login_menu@select_pos                dataBANK0    0062
main@F1225                           dataBANK1    00DA
main@control_flag                    cstackBANK1  00E6
main@event                           cstackBANK1  00E0
main@gr                              cstackBANK1  00E3
main@i                               cstackBANK1  00DD
main@key                             cstackBANK1  00E9
main@menu_pos                        cstackBANK1  00DF
main@reset_flag                      cstackBANK1  00E7
main@speed                           cstackBANK1  00E8
main@wait_time                       cstackBANK1  00E4
putchars@data                        cstackCOMMON 0073
putsx@s                              cstackCOMMON 0074
read_adc@adc_reg_val                 cstackCOMMON 0075
read_digital_keypad@key              cstackCOMMON 0073
read_digital_keypad@longpressed      dataBANK0    0060
read_digital_keypad@once             bssCOMMON    007A
read_digital_keypad@pre_key          bssCOMMON    0079
read_ds1307@addr                     cstackCOMMON 0075
read_ds1307@data                     cstackCOMMON 0076
reset_vec                            reset_vec    0000
saved_w                              (abs)        007E
start                                init         000E
start_initialization                 cinit        0011
strcmp@l                             cstackCOMMON 0077
strcmp@r                             cstackCOMMON 0073
strcpy@d                             cstackCOMMON 0077
strcpy@dest                          cstackCOMMON 0078
strcpy@src                           cstackCOMMON 0073
strncmp@l                            cstackCOMMON 0078
strncmp@n                            cstackCOMMON 0074
strncmp@r                            cstackCOMMON 0073
strncpy@cp                           cstackBANK0  0021
strncpy@d                            cstackBANK0  0020
strncpy@n                            cstackCOMMON 0075
strncpy@s                            cstackCOMMON 0073
view_log@add                         cstackBANK0  0036
view_log@i                           cstackBANK0  003E
view_log@i_385                       cstackBANK0  0038
view_log@key                         cstackBANK0  0037
view_log@reset_shift                 cstackBANK0  0029
view_log@rlog                        cstackBANK0  002B
view_log@rpos                        cstackBANK0  003C
view_log@shift                       bssBANK0     0051
write_ds1307@addr                    cstackCOMMON 0075
write_ds1307@data                    cstackCOMMON 0074
wtemp0                               (abs)        007E


MODULE INFORMATION

Module		Function		Class		Link	Load	Size
digital_keypad.c
		_init_digital_keypad		CODE           	06FA	0000	6
		_read_digital_keypad		CODE           	08EB	0000	135

digital_keypad.c estimated size: 141

uart.c
		_putsx         		CODE           	1197	0000	38
		_init_uart     		CODE           	1336	0000	56
		_putchars      		CODE           	102A	0000	11

uart.c estimated size: 105

C:\Program Files\Microchip\xc8\v2.46\pic\sources\c99\common\lwdiv.c
		___lwdiv       		CODE           	141F	0000	70

C:\Program Files\Microchip\xc8\v2.46\pic\sources\c99\common\lwdiv.c estimated size: 70

C:\Program Files\Microchip\xc8\v2.46\pic\sources\c99\common\awdiv.c
		___awdiv       		CODE           	1728	0000	105

C:\Program Files\Microchip\xc8\v2.46\pic\sources\c99\common\awdiv.c estimated size: 105

i2c.c
		_i2c_start     		CODE           	1FEE	0000	9
		_i2c_rep_start 		CODE           	1016	0000	9
		_i2c_write     		CODE           	101F	0000	11
		_i2c_stop      		CODE           	1FF7	0000	9
		_i2c_read      		CODE           	112E	0000	33
		_init_i2c      		CODE           	12CC	0000	52
		_i2c_wait_for_idle		CODE           	1040	0000	13

i2c.c estimated size: 136

C:\Program Files\Microchip\xc8\v2.46\pic\sources\c99\common\Umul8.c
		___bmul        		CODE           	10A7	0000	21

C:\Program Files\Microchip\xc8\v2.46\pic\sources\c99\common\Umul8.c estimated size: 21

timer2.c
		_init_timer2   		CODE           	104D	0000	13

timer2.c estimated size: 13

C:\Program Files\Microchip\xc8\v2.46\pic\sources\c99\common\strncmp.c
		_strncmp       		CODE           	14FC	0000	80

C:\Program Files\Microchip\xc8\v2.46\pic\sources\c99\common\strncmp.c estimated size: 80

C:\Program Files\Microchip\xc8\v2.46\pic\sources\c99\common\strcmp.c
		_strcmp        		CODE           	123D	0000	45

C:\Program Files\Microchip\xc8\v2.46\pic\sources\c99\common\strcmp.c estimated size: 45

C:\Program Files\Microchip\xc8\v2.46\pic\sources\c99\common\strncpy.c
		_strncpy       		CODE           	1465	0000	72

C:\Program Files\Microchip\xc8\v2.46\pic\sources\c99\common\strncpy.c estimated size: 72

C:\Program Files\Microchip\xc8\v2.46\pic\sources\c99\common\strcpy.c
		_strcpy        		CODE           	114F	0000	35

C:\Program Files\Microchip\xc8\v2.46\pic\sources\c99\common\strcpy.c estimated size: 35

adc.c
		_init_adc      		CODE           	1FD7	0000	7
		_read_adc      		CODE           	105A	0000	18

adc.c estimated size: 25

d1307.c
		_read_ds1307   		CODE           	11E7	0000	43
		_write_ds1307  		CODE           	1110	0000	30
		_init_ds1307   		CODE           	106C	0000	19

d1307.c estimated size: 92

isr.c
		_isr           		CODE           	14AD	0000	79

isr.c estimated size: 79

shared
		__stringtab    		STRING         	1000	0000	18
		__initialization		CODE           	0011	0000	45

shared estimated size: 63

C:\Program Files\Microchip\xc8\v2.46\pic\sources\c99\common\__lldiv.c
		___lldiv       		CODE           	16C0	0000	104

C:\Program Files\Microchip\xc8\v2.46\pic\sources\c99\common\__lldiv.c estimated size: 104

clcd.c
		_clcd_write    		CODE           	1300	0000	54
		_clcd_print    		CODE           	1299	0000	51
		_clcd_putch    		CODE           	1092	0000	21
		_init_display_controller		CODE           	1791	0000	111
		_init_clcd     		CODE           	1035	0000	11

clcd.c estimated size: 248

C:\Program Files\Microchip\xc8\v2.46\pic\sources\c99\common\Umul16.c
		___wmul        		CODE           	1172	0000	37

C:\Program Files\Microchip\xc8\v2.46\pic\sources\c99\common\Umul16.c estimated size: 37

display.c
		_view_log      		CODE           	0E70	0000	400
		_log_car_event 		CODE           	15A3	0000	88
		_display_time  		CODE           	15FB	0000	98
		_get_password  		CODE           	11BD	0000	42
		_change_password		CODE           	0B9B	0000	341
		_get_time      		CODE           	165D	0000	99
		_display_dash_board		CODE           	154C	0000	87
		_download_log  		CODE           	0A63	0000	312
		_log_event     		CODE           	13E2	0000	61
		_login_menu    		CODE           	0972	0000	241
		_clear_log     		CODE           	126A	0000	47
		_change_time   		CODE           	0409	0000	753
		_login         		CODE           	0CF0	0000	384

display.c estimated size: 2953

C:\Program Files\Microchip\xc8\v2.46\pic\sources\c99\common\lwmod.c
		___lwmod       		CODE           	136E	0000	58

C:\Program Files\Microchip\xc8\v2.46\pic\sources\c99\common\lwmod.c estimated size: 58

C:\Program Files\Microchip\xc8\v2.46\pic\sources\c99\common\awmod.c
		___awmod       		CODE           	0892	0000	89

C:\Program Files\Microchip\xc8\v2.46\pic\sources\c99\common\awmod.c estimated size: 89

main.c
		_main          		CODE           	0042	0000	967
		_init_config   		CODE           	13A8	0000	58

main.c estimated size: 1025

EEprom.c
		_ext_eeprom_24C02_str_write		CODE           	10D5	0000	29
		_ext_eeprom_24C02_byte_write		CODE           	10F2	0000	30
		_ext_eeprom_24C02_read		CODE           	1212	0000	43

EEprom.c estimated size: 102

